Copyright 1986-2022 Xilinx, Inc. All Rights Reserved. Copyright 2022-2026 Advanced Micro Devices, Inc. All Rights Reserved.
---------------------------------------------------------------------------------------------------------------------------------------------
| Tool Version : Vivado v.2026.1 (win64) Build 6511674 Tue Jun 16 11:02:23 MDT 2026
| Date         : Sun Oct  4 17:03:09 2026
| Host         : LAPTOP-U87GIL8U running 64-bit major release  (build 9200)
| Command      : report_ram_utilization -include_lutram -file D:/Vivado_Work/projects/fpga_test_1/reports_25MHz_mmio/fpga_top_synth_ram.rpt
| Design       : fpga_top
| Device       : xc7a100tcsg324-1
| Speed File   : -1
---------------------------------------------------------------------------------------------------------------------------------------------

RAM Usage Information

Table of Contents
-----------------
1. Summary
2. Memory Description
3. Memory Utilization - Inferred
4. Memory Performance - Inferred
5. Block Ram / URAM Memory Power - Inferred
6. Memory Utilization - Instantiated
7. Memory Performance - Instantiated
8. Block Ram / URAM Memory Power - Instantiated

1. Summary
----------

+--------------------------+------------+-----------+-------+-----------+
| Memory Type              | Total Used | Available | Util% | Inferred% |
+--------------------------+------------+-----------+-------+-----------+
| BlockRAM                 |         10 |       135 |  7.41 |     25.00 |
|  RAMB36E1                |          9 |           |       |     22.22 |
|  RAMB18E1                |          2 |           |       |     50.00 |
| LUTMs as Distributed RAM |          0 |     19000 |  0.00 |      0.00 |
+--------------------------+------------+-----------+-------+-----------+
*  Each RAMB18 is calculated as 0.5 BlockRAM
**  Tables 2, 3, 4 and 5 cover RAMs inferred by Vivado Synthesis using XPMs or RTL inference
***  XRAMs are not reported for detailed tables


2. Memory Description
---------------------

+------------------------------------------------------+------------+-----------+-------------+------------------------+------------------------+
| Memory Name                                          | Array Size | RAM_STYLE | Memory Type | Port 1 Dimension / Map | Port 2 Dimension / Map |
+------------------------------------------------------+------------+-----------+-------------+------------------------+------------------------+
| rv32i_core_inst/data_memory_inst/mem                 |      30720 |           | RAM_SP      | 960x32                 | 960x32                 |
|  rv32i_core_inst/data_memory_inst/mem_reg            |      30720 |     BLOCK |             |  A:A:1024x32           |  B:B:1024x32           |
| rv32i_core_inst/instruction_memory_inst/instr_o      |      32768 |           | RAM_SP      |                        | 1024x32                |
|  rv32i_core_inst/instruction_memory_inst/instr_o_reg |      32768 |      NONE |             |                        |  A:A:1024x32           |
| rv32i_core_inst/mmio_memory_inst/mem                 |       2048 |           | RAM_SDP     | 64x32                  | 64x32                  |
|  rv32i_core_inst/mmio_memory_inst/mem_reg            |       2048 |     BLOCK |             |  B:B:64x32             |  A:A:64x32             |
+------------------------------------------------------+------------+-----------+-------------+------------------------+------------------------+


3. Memory Utilization - Inferred
--------------------------------

+------------------------------------------------------+-----------+-----------+----------------+-----------+-----------+---------+---------------+---------------+---------+---------------+---------------+---------+---------------+---------------+---------+---------------+---------------+
| Memory Name                                          | Primitive | RAM STYLE | Available Bits | Used Bits | Bit Util% | A Depth | A Depth Avail | A Depth Util% | A Width | A Width Avail | A Width Util% | B Depth | B Depth Avail | B Depth Util% | B Width | B Width Avail | B Width Util% |
+------------------------------------------------------+-----------+-----------+----------------+-----------+-----------+---------+---------------+---------------+---------+---------------+---------------+---------+---------------+---------------+---------+---------------+---------------+
| rv32i_core_inst/data_memory_inst/mem                 |           |           |                |           |           |         |               |               |         |               |               |         |               |               |         |               |               |
|  rv32i_core_inst/data_memory_inst/mem_reg            | RAMB36E1  |     BLOCK |          36864 |     32768 |     88.89 |    1024 |          1024 |        100.00 |      32 |            36 |         88.89 |    1024 |          1024 |        100.00 |      32 |            36 |         88.89 |
| rv32i_core_inst/instruction_memory_inst/instr_o      |           |           |                |           |           |         |               |               |         |               |               |         |               |               |         |               |               |
|  rv32i_core_inst/instruction_memory_inst/instr_o_reg | RAMB36E1  |      NONE |          36864 |     32768 |     88.89 |    1024 |          1024 |        100.00 |      32 |            36 |         88.89 |         |               |               |         |               |               |
| rv32i_core_inst/mmio_memory_inst/mem                 |           |           |                |           |           |         |               |               |         |               |               |         |               |               |         |               |               |
|  rv32i_core_inst/mmio_memory_inst/mem_reg            | RAMB18E1  |     BLOCK |          18432 |      2048 |     11.11 |      64 |           512 |         12.50 |      32 |            36 |         88.89 |      64 |           512 |         12.50 |      32 |            36 |         88.89 |
+------------------------------------------------------+-----------+-----------+----------------+-----------+-----------+---------+---------------+---------------+---------+---------------+---------------+---------+---------------+---------------+---------+---------------+---------------+


4. Memory Performance - Inferred
--------------------------------

+------------------------------------------------------+-----------+------------------------+------------------------+-------------+-------------------------+-------------+-------------------------+-----------+--------+--------+---------+-----------+--------+--------+---------+
| Memory Name                                          | Primitive | Port 1 Dimension / Map | Port 2 Dimension / Map | Port A Type | Port A Requirement (ns) | Port B Type | Port B Requirement (ns) | A Cascade | IREG_A | OREG_A | DOA_REG | B Cascade | IREG_B | OREG_B | DOB_REG |
+------------------------------------------------------+-----------+------------------------+------------------------+-------------+-------------------------+-------------+-------------------------+-----------+--------+--------+---------+-----------+--------+--------+---------+
| rv32i_core_inst/data_memory_inst/mem                 |           | 960x32                 | 960x32                 |             |                         |             |                         |           |        |        |         |           |        |        |         |
|  rv32i_core_inst/data_memory_inst/mem_reg            | RAMB36E1  |  A:A:1024x32           |  B:B:1024x32           |       Write |                    40.0 |        Read |                    40.0 |           |        |        |       0 |           |        |        |       0 |
| rv32i_core_inst/instruction_memory_inst/instr_o      |           |                        | 1024x32                |             |                         |             |                         |           |        |        |         |           |        |        |         |
|  rv32i_core_inst/instruction_memory_inst/instr_o_reg | RAMB36E1  |                        |  A:A:1024x32           |        Read |                    40.0 |             |                         |           |        |        |       0 |           |        |        |         |
| rv32i_core_inst/mmio_memory_inst/mem                 |           | 64x32                  | 64x32                  |             |                         |             |                         |           |        |        |         |           |        |        |         |
|  rv32i_core_inst/mmio_memory_inst/mem_reg            | RAMB18E1  |  B:B:64x32             |  A:A:64x32             |        Read |                    40.0 |       Write |                    40.0 |           |        |        |       0 |           |        |        |       0 |
+------------------------------------------------------+-----------+------------------------+------------------------+-------------+-------------------------+-------------+-------------------------+-----------+--------+--------+---------+-----------+--------+--------+---------+


5. Block Ram / URAM Memory Power - Inferred
-------------------------------------------

+------------------------------------------------------+-----------+------------------------+------------------------+--------------------+---------------+-------------------+-----------+--------------------+---------------+-------------------+-----------+
| Memory Name                                          | Primitive | Port 1 Dimension / Map | Port 2 Dimension / Map | Port A Power Gated | Port A Enable | Port A WRITE_MODE | A Cascade | Port B Power Gated | Port B Enable | Port B WRITE_MODE | B Cascade |
+------------------------------------------------------+-----------+------------------------+------------------------+--------------------+---------------+-------------------+-----------+--------------------+---------------+-------------------+-----------+
| rv32i_core_inst/data_memory_inst/mem                 |           | 960x32                 | 960x32                 |                    |               |                   |           |                    |               |                   |           |
|  rv32i_core_inst/data_memory_inst/mem_reg            | RAMB36E1  |  A:A:1024x32           |  B:B:1024x32           |                    |        SIGNAL |        READ_FIRST |           |                    |        SIGNAL |       WRITE_FIRST |           |
| rv32i_core_inst/instruction_memory_inst/instr_o      |           |                        | 1024x32                |                    |               |                   |           |                    |               |                   |           |
|  rv32i_core_inst/instruction_memory_inst/instr_o_reg | RAMB36E1  |                        |  A:A:1024x32           |                    |        SIGNAL |       WRITE_FIRST |           |                    |               |                   |           |
| rv32i_core_inst/mmio_memory_inst/mem                 |           | 64x32                  | 64x32                  |                    |               |                   |           |                    |               |                   |           |
|  rv32i_core_inst/mmio_memory_inst/mem_reg            | RAMB18E1  |  B:B:64x32             |  A:A:64x32             |                    |         POWER |        READ_FIRST |           |                    |        SIGNAL |        READ_FIRST |           |
+------------------------------------------------------+-----------+------------------------+------------------------+--------------------+---------------+-------------------+-----------+--------------------+---------------+-------------------+-----------+


6. Memory Utilization - Instantiated
------------------------------------

+---------------------------------------------------------------------------------------------------------------------------------------------------------------------------------------------------------------------------------------------+-----------+-----------+----------------+-----------+-----------+---------+---------------+---------------+---------+---------------+---------------+---------+---------------+---------------+---------+---------------+---------------+
| Memory Name                                                                                                                                                                                                                                 | Primitive | RAM STYLE | Available Bits | Used Bits | Bit Util% | A Depth | A Depth Avail | A Depth Util% | A Width | A Width Avail | A Width Util% | B Depth | B Depth Avail | B Depth Util% | B Width | B Width Avail | B Width Util% |
+---------------------------------------------------------------------------------------------------------------------------------------------------------------------------------------------------------------------------------------------+-----------+-----------+----------------+-----------+-----------+---------+---------------+---------------+---------+---------------+---------------+---------+---------------+---------------+---------+---------------+---------------+
| ila_inst/U0/ila_core_inst/ila_trace_memory_inst/SUBCORE_RAM_BLK_MEM_1.trace_block_memory/inst_blk_mem_gen/gnbram.gnativebmg.native_blk_mem_gen/valid.cstr/ramloop[0].ram.r/prim_noinit.ram/DEVICE_7SERIES.NO_BMM_INFO.SDP.SIMPLE_PRIM18.ram | RAMB18E1  |           |          18432 |     18432 |    100.00 |    2048 |          2048 |        100.00 |       9 |             9 |        100.00 |    2048 |          2048 |        100.00 |       9 |             9 |        100.00 |
| ila_inst/U0/ila_core_inst/ila_trace_memory_inst/SUBCORE_RAM_BLK_MEM_1.trace_block_memory/inst_blk_mem_gen/gnbram.gnativebmg.native_blk_mem_gen/valid.cstr/ramloop[1].ram.r/prim_noinit.ram/DEVICE_7SERIES.NO_BMM_INFO.SDP.SIMPLE_PRIM36.ram | RAMB36E1  |           |          36864 |     36864 |    100.00 |    2048 |          2048 |        100.00 |      18 |            18 |        100.00 |    2048 |          2048 |        100.00 |      18 |            18 |        100.00 |
| ila_inst/U0/ila_core_inst/ila_trace_memory_inst/SUBCORE_RAM_BLK_MEM_1.trace_block_memory/inst_blk_mem_gen/gnbram.gnativebmg.native_blk_mem_gen/valid.cstr/ramloop[2].ram.r/prim_noinit.ram/DEVICE_7SERIES.NO_BMM_INFO.SDP.SIMPLE_PRIM36.ram | RAMB36E1  |           |          36864 |     36864 |    100.00 |    2048 |          2048 |        100.00 |      18 |            18 |        100.00 |    2048 |          2048 |        100.00 |      18 |            18 |        100.00 |
| ila_inst/U0/ila_core_inst/ila_trace_memory_inst/SUBCORE_RAM_BLK_MEM_1.trace_block_memory/inst_blk_mem_gen/gnbram.gnativebmg.native_blk_mem_gen/valid.cstr/ramloop[3].ram.r/prim_noinit.ram/DEVICE_7SERIES.NO_BMM_INFO.SDP.SIMPLE_PRIM36.ram | RAMB36E1  |           |          36864 |     36864 |    100.00 |    2048 |          2048 |        100.00 |      18 |            18 |        100.00 |    2048 |          2048 |        100.00 |      18 |            18 |        100.00 |
| ila_inst/U0/ila_core_inst/ila_trace_memory_inst/SUBCORE_RAM_BLK_MEM_1.trace_block_memory/inst_blk_mem_gen/gnbram.gnativebmg.native_blk_mem_gen/valid.cstr/ramloop[4].ram.r/prim_noinit.ram/DEVICE_7SERIES.NO_BMM_INFO.SDP.SIMPLE_PRIM36.ram | RAMB36E1  |           |          36864 |     36864 |    100.00 |    2048 |          2048 |        100.00 |      18 |            18 |        100.00 |    2048 |          2048 |        100.00 |      18 |            18 |        100.00 |
| ila_inst/U0/ila_core_inst/ila_trace_memory_inst/SUBCORE_RAM_BLK_MEM_1.trace_block_memory/inst_blk_mem_gen/gnbram.gnativebmg.native_blk_mem_gen/valid.cstr/ramloop[5].ram.r/prim_noinit.ram/DEVICE_7SERIES.NO_BMM_INFO.SDP.SIMPLE_PRIM36.ram | RAMB36E1  |           |          36864 |     36864 |    100.00 |    2048 |          2048 |        100.00 |      18 |            18 |        100.00 |    2048 |          2048 |        100.00 |      18 |            18 |        100.00 |
| ila_inst/U0/ila_core_inst/ila_trace_memory_inst/SUBCORE_RAM_BLK_MEM_1.trace_block_memory/inst_blk_mem_gen/gnbram.gnativebmg.native_blk_mem_gen/valid.cstr/ramloop[6].ram.r/prim_noinit.ram/DEVICE_7SERIES.NO_BMM_INFO.SDP.SIMPLE_PRIM36.ram | RAMB36E1  |           |          36864 |     36864 |    100.00 |    2048 |          2048 |        100.00 |      18 |            18 |        100.00 |    2048 |          2048 |        100.00 |      18 |            18 |        100.00 |
| ila_inst/U0/ila_core_inst/ila_trace_memory_inst/SUBCORE_RAM_BLK_MEM_1.trace_block_memory/inst_blk_mem_gen/gnbram.gnativebmg.native_blk_mem_gen/valid.cstr/ramloop[7].ram.r/prim_noinit.ram/DEVICE_7SERIES.NO_BMM_INFO.SDP.SIMPLE_PRIM36.ram | RAMB36E1  |           |          36864 |     36864 |    100.00 |    2048 |          2048 |        100.00 |      13 |            18 |         72.22 |    2048 |          2048 |        100.00 |      18 |            18 |        100.00 |
+---------------------------------------------------------------------------------------------------------------------------------------------------------------------------------------------------------------------------------------------+-----------+-----------+----------------+-----------+-----------+---------+---------------+---------------+---------+---------------+---------------+---------+---------------+---------------+---------+---------------+---------------+


7. Memory Performance - Instantiated
------------------------------------

+---------------------------------------------------------------------------------------------------------------------------------------------------------------------------------------------------------------------------------------------+-----------+------------------------+------------------------+-------------+-------------------------+-------------+-------------------------+-----------+--------+--------+---------+-----------+--------+--------+---------+
| Memory Name                                                                                                                                                                                                                                 | Primitive | Port 1 Dimension / Map | Port 2 Dimension / Map | Port A Type | Port A Requirement (ns) | Port B Type | Port B Requirement (ns) | A Cascade | IREG_A | OREG_A | DOA_REG | B Cascade | IREG_B | OREG_B | DOB_REG |
+---------------------------------------------------------------------------------------------------------------------------------------------------------------------------------------------------------------------------------------------+-----------+------------------------+------------------------+-------------+-------------------------+-------------+-------------------------+-----------+--------+--------+---------+-----------+--------+--------+---------+
| ila_inst/U0/ila_core_inst/ila_trace_memory_inst/SUBCORE_RAM_BLK_MEM_1.trace_block_memory/inst_blk_mem_gen/gnbram.gnativebmg.native_blk_mem_gen/valid.cstr/ramloop[0].ram.r/prim_noinit.ram/DEVICE_7SERIES.NO_BMM_INFO.SDP.SIMPLE_PRIM18.ram | RAMB18E1  |  A:A:2048x9            |  B:B:2048x9            |       Write |                    40.0 |        Read |                     0.0 |           |        |        |       1 |           |        |        |       1 |
| ila_inst/U0/ila_core_inst/ila_trace_memory_inst/SUBCORE_RAM_BLK_MEM_1.trace_block_memory/inst_blk_mem_gen/gnbram.gnativebmg.native_blk_mem_gen/valid.cstr/ramloop[1].ram.r/prim_noinit.ram/DEVICE_7SERIES.NO_BMM_INFO.SDP.SIMPLE_PRIM36.ram | RAMB36E1  |  A:A:2048x18           |  B:B:2048x18           |       Write |                    40.0 |        Read |                     0.0 |           |        |        |       1 |           |        |        |       1 |
| ila_inst/U0/ila_core_inst/ila_trace_memory_inst/SUBCORE_RAM_BLK_MEM_1.trace_block_memory/inst_blk_mem_gen/gnbram.gnativebmg.native_blk_mem_gen/valid.cstr/ramloop[2].ram.r/prim_noinit.ram/DEVICE_7SERIES.NO_BMM_INFO.SDP.SIMPLE_PRIM36.ram | RAMB36E1  |  A:A:2048x18           |  B:B:2048x18           |       Write |                    40.0 |        Read |                     0.0 |           |        |        |       1 |           |        |        |       1 |
| ila_inst/U0/ila_core_inst/ila_trace_memory_inst/SUBCORE_RAM_BLK_MEM_1.trace_block_memory/inst_blk_mem_gen/gnbram.gnativebmg.native_blk_mem_gen/valid.cstr/ramloop[3].ram.r/prim_noinit.ram/DEVICE_7SERIES.NO_BMM_INFO.SDP.SIMPLE_PRIM36.ram | RAMB36E1  |  A:A:2048x18           |  B:B:2048x18           |       Write |                    40.0 |        Read |                     0.0 |           |        |        |       1 |           |        |        |       1 |
| ila_inst/U0/ila_core_inst/ila_trace_memory_inst/SUBCORE_RAM_BLK_MEM_1.trace_block_memory/inst_blk_mem_gen/gnbram.gnativebmg.native_blk_mem_gen/valid.cstr/ramloop[4].ram.r/prim_noinit.ram/DEVICE_7SERIES.NO_BMM_INFO.SDP.SIMPLE_PRIM36.ram | RAMB36E1  |  A:A:2048x18           |  B:B:2048x18           |       Write |                    40.0 |        Read |                     0.0 |           |        |        |       1 |           |        |        |       1 |
| ila_inst/U0/ila_core_inst/ila_trace_memory_inst/SUBCORE_RAM_BLK_MEM_1.trace_block_memory/inst_blk_mem_gen/gnbram.gnativebmg.native_blk_mem_gen/valid.cstr/ramloop[5].ram.r/prim_noinit.ram/DEVICE_7SERIES.NO_BMM_INFO.SDP.SIMPLE_PRIM36.ram | RAMB36E1  |  A:A:2048x18           |  B:B:2048x18           |       Write |                    40.0 |        Read |                     0.0 |           |        |        |       1 |           |        |        |       1 |
| ila_inst/U0/ila_core_inst/ila_trace_memory_inst/SUBCORE_RAM_BLK_MEM_1.trace_block_memory/inst_blk_mem_gen/gnbram.gnativebmg.native_blk_mem_gen/valid.cstr/ramloop[6].ram.r/prim_noinit.ram/DEVICE_7SERIES.NO_BMM_INFO.SDP.SIMPLE_PRIM36.ram | RAMB36E1  |  A:A:2048x18           |  B:B:2048x18           |       Write |                    40.0 |        Read |                     0.0 |           |        |        |       1 |           |        |        |       1 |
| ila_inst/U0/ila_core_inst/ila_trace_memory_inst/SUBCORE_RAM_BLK_MEM_1.trace_block_memory/inst_blk_mem_gen/gnbram.gnativebmg.native_blk_mem_gen/valid.cstr/ramloop[7].ram.r/prim_noinit.ram/DEVICE_7SERIES.NO_BMM_INFO.SDP.SIMPLE_PRIM36.ram | RAMB36E1  |  A:A:2048x13           |  B:B:2048x18           |       Write |                    40.0 |        Read |                     0.0 |           |        |        |       1 |           |        |        |       1 |
+---------------------------------------------------------------------------------------------------------------------------------------------------------------------------------------------------------------------------------------------+-----------+------------------------+------------------------+-------------+-------------------------+-------------+-------------------------+-----------+--------+--------+---------+-----------+--------+--------+---------+


8. Block Ram / URAM Memory Power - Instantiated
-----------------------------------------------

+---------------------------------------------------------------------------------------------------------------------------------------------------------------------------------------------------------------------------------------------+-----------+------------------------+------------------------+--------------------+---------------+-------------------+-----------+--------------------+---------------+-------------------+-----------+
| Memory Name                                                                                                                                                                                                                                 | Primitive | Port 1 Dimension / Map | Port 2 Dimension / Map | Port A Power Gated | Port A Enable | Port A WRITE_MODE | A Cascade | Port B Power Gated | Port B Enable | Port B WRITE_MODE | B Cascade |
+---------------------------------------------------------------------------------------------------------------------------------------------------------------------------------------------------------------------------------------------+-----------+------------------------+------------------------+--------------------+---------------+-------------------+-----------+--------------------+---------------+-------------------+-----------+
| ila_inst/U0/ila_core_inst/ila_trace_memory_inst/SUBCORE_RAM_BLK_MEM_1.trace_block_memory/inst_blk_mem_gen/gnbram.gnativebmg.native_blk_mem_gen/valid.cstr/ramloop[0].ram.r/prim_noinit.ram/DEVICE_7SERIES.NO_BMM_INFO.SDP.SIMPLE_PRIM18.ram | RAMB18E1  |  A:A:2048x9            |  B:B:2048x9            |                    |        SIGNAL |        READ_FIRST |           |                    |        SIGNAL |        READ_FIRST |           |
| ila_inst/U0/ila_core_inst/ila_trace_memory_inst/SUBCORE_RAM_BLK_MEM_1.trace_block_memory/inst_blk_mem_gen/gnbram.gnativebmg.native_blk_mem_gen/valid.cstr/ramloop[1].ram.r/prim_noinit.ram/DEVICE_7SERIES.NO_BMM_INFO.SDP.SIMPLE_PRIM36.ram | RAMB36E1  |  A:A:2048x18           |  B:B:2048x18           |                    |        SIGNAL |        READ_FIRST |           |                    |        SIGNAL |        READ_FIRST |           |
| ila_inst/U0/ila_core_inst/ila_trace_memory_inst/SUBCORE_RAM_BLK_MEM_1.trace_block_memory/inst_blk_mem_gen/gnbram.gnativebmg.native_blk_mem_gen/valid.cstr/ramloop[2].ram.r/prim_noinit.ram/DEVICE_7SERIES.NO_BMM_INFO.SDP.SIMPLE_PRIM36.ram | RAMB36E1  |  A:A:2048x18           |  B:B:2048x18           |                    |        SIGNAL |        READ_FIRST |           |                    |        SIGNAL |        READ_FIRST |           |
| ila_inst/U0/ila_core_inst/ila_trace_memory_inst/SUBCORE_RAM_BLK_MEM_1.trace_block_memory/inst_blk_mem_gen/gnbram.gnativebmg.native_blk_mem_gen/valid.cstr/ramloop[3].ram.r/prim_noinit.ram/DEVICE_7SERIES.NO_BMM_INFO.SDP.SIMPLE_PRIM36.ram | RAMB36E1  |  A:A:2048x18           |  B:B:2048x18           |                    |        SIGNAL |        READ_FIRST |           |                    |        SIGNAL |        READ_FIRST |           |
| ila_inst/U0/ila_core_inst/ila_trace_memory_inst/SUBCORE_RAM_BLK_MEM_1.trace_block_memory/inst_blk_mem_gen/gnbram.gnativebmg.native_blk_mem_gen/valid.cstr/ramloop[4].ram.r/prim_noinit.ram/DEVICE_7SERIES.NO_BMM_INFO.SDP.SIMPLE_PRIM36.ram | RAMB36E1  |  A:A:2048x18           |  B:B:2048x18           |                    |        SIGNAL |        READ_FIRST |           |                    |        SIGNAL |        READ_FIRST |           |
| ila_inst/U0/ila_core_inst/ila_trace_memory_inst/SUBCORE_RAM_BLK_MEM_1.trace_block_memory/inst_blk_mem_gen/gnbram.gnativebmg.native_blk_mem_gen/valid.cstr/ramloop[5].ram.r/prim_noinit.ram/DEVICE_7SERIES.NO_BMM_INFO.SDP.SIMPLE_PRIM36.ram | RAMB36E1  |  A:A:2048x18           |  B:B:2048x18           |                    |        SIGNAL |        READ_FIRST |           |                    |        SIGNAL |        READ_FIRST |           |
| ila_inst/U0/ila_core_inst/ila_trace_memory_inst/SUBCORE_RAM_BLK_MEM_1.trace_block_memory/inst_blk_mem_gen/gnbram.gnativebmg.native_blk_mem_gen/valid.cstr/ramloop[6].ram.r/prim_noinit.ram/DEVICE_7SERIES.NO_BMM_INFO.SDP.SIMPLE_PRIM36.ram | RAMB36E1  |  A:A:2048x18           |  B:B:2048x18           |                    |        SIGNAL |        READ_FIRST |           |                    |        SIGNAL |        READ_FIRST |           |
| ila_inst/U0/ila_core_inst/ila_trace_memory_inst/SUBCORE_RAM_BLK_MEM_1.trace_block_memory/inst_blk_mem_gen/gnbram.gnativebmg.native_blk_mem_gen/valid.cstr/ramloop[7].ram.r/prim_noinit.ram/DEVICE_7SERIES.NO_BMM_INFO.SDP.SIMPLE_PRIM36.ram | RAMB36E1  |  A:A:2048x13           |  B:B:2048x18           |                    |        SIGNAL |        READ_FIRST |           |                    |        SIGNAL |        READ_FIRST |           |
+---------------------------------------------------------------------------------------------------------------------------------------------------------------------------------------------------------------------------------------------+-----------+------------------------+------------------------+--------------------+---------------+-------------------+-----------+--------------------+---------------+-------------------+-----------+


