Copyright 1986-2022 Xilinx, Inc. All Rights Reserved. Copyright 2022-2026 Advanced Micro Devices, Inc. All Rights Reserved.
---------------------------------------------------------------------------------------------------------------------------------------------
| Tool Version : Vivado v.2026.1 (win64) Build 6511674 Tue Jun 16 11:02:23 MDT 2026
| Date         : Sun Oct  4 17:03:09 2026
| Host         : LAPTOP-U87GIL8U running 64-bit major release  (build 9200)
| Command      : report_clocks -file D:/Vivado_Work/projects/fpga_test_1/reports_25MHz_mmio/fpga_top_synth_clocks.rpt
| Design       : fpga_top
| Device       : 7a100t-csg324
| Speed File   : -1  PRODUCTION 1.23 2018-06-13
| Design State : Synthesized
---------------------------------------------------------------------------------------------------------------------------------------------

Clock Report


Attributes
  P: Propagated
  G: Generated
  A: Auto-derived
  R: Renamed
  V: Virtual
  I: Inverted
  S: Pin phase-shifted with Latency mode

Clock               Period(ns)  Waveform(ns)    Attributes  Sources
clk                 10.000      {0.000 5.000}   P           {clk}
clk_out1_clk_wiz_0  40.000      {0.000 20.000}  P,G,A       {clk_wiz_inst/inst/mmcm_adv_inst/CLKOUT0}
clkfbout_clk_wiz_0  10.000      {0.000 5.000}   P,G,A       {clk_wiz_inst/inst/mmcm_adv_inst/CLKFBOUT}


====================================================
Generated Clocks
====================================================

Generated Clock     : clk_out1_clk_wiz_0
Master Source       : clk_wiz_inst/inst/mmcm_adv_inst/CLKIN1
Master Clock        : clk
Edges               : {1 2 3}
Edge Shifts(ns)     : {0.000 15.000 30.000}
Generated Sources   : {clk_wiz_inst/inst/mmcm_adv_inst/CLKOUT0}

Generated Clock     : clkfbout_clk_wiz_0
Master Source       : clk_wiz_inst/inst/mmcm_adv_inst/CLKIN1
Master Clock        : clk
Multiply By         : 1
Generated Sources   : {clk_wiz_inst/inst/mmcm_adv_inst/CLKFBOUT}



====================================================
User Uncertainty
====================================================



====================================================
User Jitter
====================================================

Clock  Jitter(ns)
clk    0.100

